[23:24:04] [1/38] generating: chennai ...
[23:24:10]   ok (attempt 1)
[23:24:11] [2/38] generating: kanchipuram ...
[23:24:16]   attempt 1 failed: Expecting value: line 23 column 119 (char 2577)
[23:24:25]   ok (attempt 2)
[23:24:26] [3/38] generating: chengalpattu ...
[23:24:32]   ok (attempt 1)
[23:24:33] [4/38] generating: tiruvallur ...
[23:24:39]   attempt 1 failed: unreachable nodes: ['n3']
[23:24:50]   attempt 2 failed: Expecting value: line 23 column 120 (char 3211)
[23:25:01]   ok (attempt 3)
[23:25:02] [5/38] generating: tiruvannamalai ...
[23:25:08]   attempt 1 failed: Expecting value: line 20 column 120 (char 2187)
[23:25:20]   attempt 2 failed: node n4 needs >=2 choices
[23:25:31]   ok (attempt 3)
[23:25:32] [6/38] generating: vellore ...
[23:25:40]   ok (attempt 1)
[23:25:41] [7/38] generating: viluppuram ...
[23:25:46]   ok (attempt 1)
[23:25:47] [8/38] generating: kallakurichi ...
[23:25:54]   ok (attempt 1)
[23:25:55] [9/38] generating: tirupathur ...
[23:26:01]   ok (attempt 1)
[23:26:02] [10/38] generating: ranipet ...
[23:26:08]   ok (attempt 1)
[23:26:09] [11/38] generating: ariyalur ...
[23:26:17]   attempt 1 failed: unreachable nodes: ['n4']
[23:26:26]   attempt 2 failed: bad sequence; node n3 needs >=2 choices
[23:26:37]   ok (attempt 3)
[23:26:38] [12/38] generating: cuddalore ...
[23:26:45]   ok (attempt 1)
[23:26:46] [13/38] generating: mayiladuthurai ...
[23:26:52]   ok (attempt 1)
[23:26:53] [14/38] generating: nagapattinam ...
[23:26:59]   ok (attempt 1)
[23:27:00] [15/38] generating: perambalur ...
[23:27:07]   ok (attempt 1)
[23:27:08] [16/38] generating: pudukkottai ...
[23:27:15]   ok (attempt 1)
[23:27:16] [17/38] generating: thanjavur ...
[23:27:21]   ok (attempt 1)
[23:27:23] [18/38] generating: tiruchirappalli ...
[23:27:29]   attempt 1 failed: bad sequence
[23:27:39]   attempt 2 failed: node n3 needs >=2 choices
[23:27:50]   ok (attempt 3)
[23:27:51] [19/38] generating: tiruvarur ...
[23:27:56]   attempt 1 failed: Expecting value: line 23 column 118 (char 2564)
[23:28:06]   ok (attempt 2)
[23:28:07] [20/38] generating: dharmapuri ...
[23:28:13]   ok (attempt 1)
[23:28:14] [21/38] generating: dindigul ...
[23:28:20]   ok (attempt 1)
[23:28:21] [22/38] generating: coimbatore ...
[23:28:28]   ok (attempt 1)
[23:28:29] [23/38] generating: karur ...
[23:28:35]   ok (attempt 1)
[23:28:36] [24/38] generating: erode ...
[23:28:43]   attempt 1 failed: bad quiz item shape
[23:28:53]   attempt 2 failed: bad sequence
[23:29:03]   ok (attempt 3)
[23:29:04] [25/38] generating: krishnagiri ...
[23:29:10]   ok (attempt 1)
[23:29:11] [26/38] generating: namakkal ...
[23:29:17]   ok (attempt 1)
[23:29:18] [27/38] generating: nilgiris ...
[23:29:24]   attempt 1 failed: Expecting ',' delimiter: line 6 column 3 (char 518)
[23:29:33]   attempt 2 failed: node n3 needs >=2 choices
[23:29:43]   attempt 3 failed: bad sequence
[23:29:48] [28/38] generating: salem ...
[23:29:53]   ok (attempt 1)
[23:29:54] [29/38] generating: tiruppur ...
[23:30:00]   attempt 1 failed: bad quiz item shape
[23:30:09]   ok (attempt 2)
[23:30:10] [30/38] generating: kanyakumari ...
[23:30:14]   ok (attempt 1)
[23:30:15] [31/38] generating: madurai ...
[23:30:19]   attempt 1 failed: bad quiz item shape; bad sequence
[23:30:28]   attempt 2 failed: bad quiz item shape
[23:30:38]   attempt 3 failed: bad sequence
[23:30:43] [32/38] generating: ramanathapuram ...
[23:30:48]   ok (attempt 1)
[23:30:49] [33/38] generating: sivaganga ...
[23:30:58]   ok (attempt 1)
[23:30:59] [34/38] generating: theni ...
[23:31:05]   ok (attempt 1)
[23:31:06] [35/38] generating: thoothukudi ...
[23:31:13]   attempt 1 failed: node n4 has no correct choice; win not reachable via correct choices
[23:31:25]   ok (attempt 2)
[23:31:26] [36/38] generating: tirunelveli ...
[23:31:32]   ok (attempt 1)
[23:31:33] [37/38] generating: tenkasi ...
[23:31:38]   attempt 1 failed: Extra data: line 29 column 1 (char 2921)
[23:31:48]   ok (attempt 2)
[23:31:49] [38/38] generating: virudhunagar ...
[23:31:56]   attempt 1 failed: bad sequence
[23:32:07]   ok (attempt 2)
[23:32:08] DONE: 36 generated, 0 skipped, 2 failed
[23:32:50] [27/38] generating: nilgiris ...
[23:32:53] [31/38] generating: madurai ...
[23:32:56]   attempt 1 failed: Expecting value: line 23 column 118 (char 2736)
[23:32:57]   ok (attempt 1)
[23:32:58] DONE: 1 generated, 0 skipped, 0 failed
[23:33:05]   attempt 2 failed: node n4 needs >=2 choices
[23:33:14]   attempt 3 failed: Expecting value: line 23 column 116 (char 2807)
[23:33:19] DONE: 0 generated, 0 skipped, 1 failed
[23:33:35] [31/38] skip (valid): madurai
[23:33:35] DONE: 0 generated, 1 skipped, 0 failed
[23:33:57] [27/38] generating: nilgiris ...
[23:34:03]   attempt 1 failed: Expecting value: line 23 column 126 (char 2765)
[23:34:12]   attempt 2 failed: Expecting value: line 23 column 116 (char 2737)
[23:34:22]   attempt 3 failed: Expecting value: line 23 column 123 (char 2648)
[23:34:27] DONE: 0 generated, 0 skipped, 1 failed
[23:35:58] [27/38] generating: nilgiris ...
[23:36:03]   ok (attempt 1)
[23:36:04] DONE: 1 generated, 0 skipped, 0 failed
